
************************************
* Waiting for client to connect... *
************************************
---------------------------------------------------------------------------------------
                    Send Latency Test
 Dual-port       : OFF		Device         : rxe0
 Number of qps   : 1		Transport type : IB
 Connection type : RC		Using SRQ      : OFF
 PCIe relax order: ON
 ibv_wr* API     : OFF
 RX depth        : 512
 Mtu             : 1024[B]
 Link type       : Ethernet
 GID index       : 1
 Max inline data : 0[B]
 rdma_cm QPs	 : OFF
 Data ex. method : Ethernet
---------------------------------------------------------------------------------------
 local address: LID 0000 QPN 0x0011 PSN 0xd358b9
 GID: 00:00:00:00:00:00:00:00:00:00:255:255:192:168:01:114
 remote address: LID 0000 QPN 0x0012 PSN 0x674150
 GID: 00:00:00:00:00:00:00:00:00:00:255:255:192:168:01:114
---------------------------------------------------------------------------------------
 #bytes #iterations    t_min[usec]    t_max[usec]  t_typical[usec]    t_avg[usec]    t_stdev[usec]   99% percentile[usec]   99.9% percentile[usec] 
 2       1000          2.02           14.02        2.83     	       2.79        	0.40   		3.83    		14.02  
---------------------------------------------------------------------------------------
